# Do not leave any blank lines in this file.
#
#
# Note: use negative values for filterWindow, longTermWindow
#       and tUpEvent to let the code autoset them.
#
#                                      threshold1
# Pick  Pin     Sta/Comp           longTermWindow  tUpEvent
# Flag  Numb    Net/Loc       filterWindow  threshold2
# ----  ----    --------      -----------------------------
#0 0 AJD HGZ KG -- #1.08 #15 #10.36 #11.32 #1.54
1 0 AJD HGZ KG -- 1.08 15 10.36 10.32 1.52
1 1 BBK HGZ KG -- 1.08 15 10.36 10.32 1.52
1 2 BRD HGZ KG -- 1.08 15 10.36 10.32 1.52
1 3 BRD HHZ KG -- 1.08 15 10.36 10.32 1.52
1 4 BRDT HHZ KG -- 1.08 15 10.36 10.32 1.52
1 5 BGD HGZ KG -- 1.08 15 10.36 10.32 1.52
1 6 BGD HHZ KG -- 1.08 15 10.36 10.32 1.52
1 7 CHNB HHZ KG -- 1.08 15 10.36 10.32 1.52
1 8 CHS HGZ KG -- 1.08 15 10.36 10.32 1.52
1 9 CHS HHZ KG -- 1.08 15 10.36 10.32 1.52
1 10 DKJ HGZ KG -- 1.08 15 10.36 10.32 1.52
1 11 DOKDO HGZ KG -- 1.08 15 10.36 10.32 1.52
1 12 DOKDO HHZ KG -- 1.08 15 10.36 10.32 1.52
1 13 GKP1 HGZ KG -- 1.08 15 10.36 10.32 1.52
1 14 GKP1 HHZ KG -- 1.08 15 10.36 10.32 1.52
1 15 GRE HGZ KG -- 1.08 15 10.36 10.32 1.52
1 16 GSU HGZ KG -- 1.08 15 10.36 10.32 1.52
1 17 GSU HHZ KG -- 1.08 15 10.36 10.32 1.52
1 18 HAK HGZ KG -- 1.08 15 10.36 10.32 1.52
1 19 HDB HGZ KG -- 1.08 15 10.36 10.32 1.52
1 20 HDB HHZ KG -- 1.08 15 10.36 10.32 1.52
1 21 HKU HGZ KG -- 1.08 15 10.36 10.32 1.52
1 22 HKU HHZ KG -- 1.08 15 10.36 10.32 1.52
1 23 HSB HGZ KG -- 1.08 15 10.36 10.32 1.52
1 24 HSB HHZ KG -- 1.08 15 10.36 10.32 1.52
1 25 HWSB HGZ KG -- 1.08 15 10.36 10.32 1.52
1 26 HWSB HHZ KG -- 1.08 15 10.36 10.32 1.52
1 27 JJB HGZ KG -- 1.08 15 10.36 10.32 1.52
1 28 JJB HHZ KG -- 1.08 15 10.36 10.32 1.52
1 29 JRB HGZ KG -- 1.08 15 10.36 10.32 1.52
1 30 JRB HHZ KG -- 1.08 15 10.36 10.32 1.52
1 31 JSB HGZ KG -- 1.08 15 10.36 10.32 1.52
1 32 JSB HHZ KG -- 1.08 15 10.36 10.32 1.52
1 33 KJM HHZ KG -- 1.08 15 10.36 10.32 1.52
1 34 KMC HGZ KG -- 1.08 15 10.36 10.32 1.52
1 35 KSA HGZ KG -- 1.08 15 10.36 10.32 1.52
1 36 KSA HHZ KG -- 1.08 15 10.36 10.32 1.52
1 37 MAK HGZ KG -- 1.08 15 10.36 10.32 1.52
1 38 MGB HGZ KG -- 1.08 15 10.36 10.32 1.52
1 39 MGB HHZ KG -- 1.08 15 10.36 10.32 1.52
1 40 MKL HGZ KG -- 1.08 15 10.36 10.32 1.52
1 41 MKL HHZ KG -- 1.08 15 10.36 10.32 1.52
1 42 MRD HGZ KG -- 1.08 15 10.36 10.32 1.52
1 43 MRD HHZ KG -- 1.08 15 10.36 10.32 1.52
1 44 MUN HGZ KG -- 1.08 15 10.36 10.32 1.52
1 45 NPR HGZ KG -- 1.08 15 10.36 10.32 1.52
1 46 NPR HHZ KG -- 1.08 15 10.36 10.32 1.52
1 47 SND HGZ KG -- 1.08 15 10.36 10.32 1.52
1 48 SND HHZ KG -- 1.08 15 10.36 10.32 1.52
1 49 SNU HGZ KG -- 1.08 15 10.36 10.32 1.52
1 50 SNU HHZ KG -- 1.08 15 10.36 10.32 1.52
1 51 TJN HGZ KG -- 1.08 15 10.36 10.32 1.52
1 52 TJN HHZ KG -- 1.08 15 10.36 10.32 1.52
1 53 WID HGZ KG -- 1.08 15 10.36 10.32 1.52
1 54 YIN HGZ KG -- 1.08 15 10.36 10.32 1.52
1 55 YKB HGZ KG -- 1.08 15 10.36 10.32 1.52
1 56 YKB HHZ KG -- 1.08 15 10.36 10.32 1.52
1 57 YPD HGZ KG -- 1.08 15 10.36 10.32 1.52
1 58 YSB HGZ KG -- 1.08 15 10.36 10.32 1.52
1 59 YSB HHZ KG -- 1.08 15 10.36 10.32 1.52
1 60 ADO2 HGZ KS -- 1.08 15 10.36 10.32 1.52
1 61 ADOA HGZ KS -- 1.08 15 10.36 10.32 1.52
1 62 AMD HGZ KS -- 1.08 15 10.36 10.32 1.52
1 63 AMD HHZ KS -- 1.08 15 10.36 10.32 1.52
1 64 ANM HGZ KS -- 1.08 15 10.36 10.32 1.52
1 65 BAU HGZ KS -- 1.08 15 10.36 10.32 1.52
1 66 BGDB HGZ KS -- 1.08 15 10.36 10.32 1.52
1 67 BGDB HHZ KS -- 1.08 15 10.36 10.32 1.52
1 68 BON HGZ KS -- 1.08 15 10.36 10.32 1.52
1 69 BOSB HGZ KS -- 1.08 15 10.36 10.32 1.52
1 70 BOSB HHZ KS -- 1.08 15 10.36 10.32 1.52
1 71 BSA HGZ KS -- 1.08 15 10.36 10.32 1.52
1 72 BURB HGZ KS -- 1.08 15 10.36 10.32 1.52
1 73 BURB HHZ KS -- 1.08 15 10.36 10.32 1.52
1 74 BUS HGZ KS -- 1.08 15 10.36 10.32 1.52
1 75 BUS HHZ KS -- 1.08 15 10.36 10.32 1.52
1 76 BUS2 HGZ KS -- 1.08 15 10.36 10.32 1.52
1 77 BUS2 HHZ KS -- 1.08 15 10.36 10.32 1.52
1 78 BUY HGZ KS -- 1.08 15 10.36 10.32 1.52
1 79 BUYB HGZ KS -- 1.08 15 10.36 10.32 1.52
1 80 BUYB HHZ KS -- 1.08 15 10.36 10.32 1.52
1 81 CEA HGZ KS -- 1.08 15 10.36 10.32 1.52
1 82 CEJ HGZ KS -- 1.08 15 10.36 10.32 1.52
1 83 CEJA HGZ KS -- 1.08 15 10.36 10.32 1.52
1 84 CHC2 HGZ KS -- 1.08 15 10.36 10.32 1.52
1 85 CHC2 HHZ KS -- 1.08 15 10.36 10.32 1.52
1 86 CHJ HGZ KS -- 1.08 15 10.36 10.32 1.52
1 87 CHJ HHZ KS -- 1.08 15 10.36 10.32 1.52
1 88 CHJ2 HGZ KS -- 1.08 15 10.36 10.32 1.52
1 89 CHJ2 HHZ KS -- 1.08 15 10.36 10.32 1.52
1 90 CHO HGZ KS -- 1.08 15 10.36 10.32 1.52
1 91 CHR HGZ KS -- 1.08 15 10.36 10.32 1.52
1 92 CHY HGZ KS -- 1.08 15 10.36 10.32 1.52
1 93 CHYB HGZ KS -- 1.08 15 10.36 10.32 1.52
1 94 CHYB HHZ KS -- 1.08 15 10.36 10.32 1.52
1 95 CIG HGZ KS -- 1.08 15 10.36 10.32 1.52
1 96 CIGB HGZ KS -- 1.08 15 10.36 10.32 1.52
1 97 CIGB HHZ KS -- 1.08 15 10.36 10.32 1.52
1 98 CJD HGZ KS -- 1.08 15 10.36 10.32 1.52
1 99 CJD HHZ KS -- 1.08 15 10.36 10.32 1.52
1 100 CPR HGZ KS -- 1.08 15 10.36 10.32 1.52
1 101 CPR2 HGZ KS -- 1.08 15 10.36 10.32 1.52
1 102 CSO HGZ KS -- 1.08 15 10.36 10.32 1.52
1 103 CWO HGZ KS -- 1.08 15 10.36 10.32 1.52
1 104 CWO2 HGZ KS -- 1.08 15 10.36 10.32 1.52
1 105 DACB HGZ KS -- 1.08 15 10.36 10.32 1.52
1 106 DACB HHZ KS -- 1.08 15 10.36 10.32 1.52
1 107 DAG2 HGZ KS -- 1.08 15 10.36 10.32 1.52
1 108 DAG2 HHZ KS -- 1.08 15 10.36 10.32 1.52
1 109 DAU HGZ KS -- 1.08 15 10.36 10.32 1.52
1 110 DDC HGZ KS -- 1.08 15 10.36 10.32 1.52
1 111 DDCA HGZ KS -- 1.08 15 10.36 10.32 1.52
1 112 DEI HGZ KS -- 1.08 15 10.36 10.32 1.52
1 113 DGY2 HGZ KS -- 1.08 15 10.36 10.32 1.52
1 114 DGY2 HHZ KS -- 1.08 15 10.36 10.32 1.52
1 115 DUSB HGZ KS -- 1.08 15 10.36 10.32 1.52
1 116 DUSB HHZ KS -- 1.08 15 10.36 10.32 1.52
1 117 ECDB HGZ KS -- 1.08 15 10.36 10.32 1.52
1 118 ECDB HHZ KS -- 1.08 15 10.36 10.32 1.52
0 119 EMSB HGZ KS -- 1.08 15 10.36 10.32 1.52
0 120 EMSB HHZ KS -- 1.08 15 10.36 10.32 1.52
1 121 EURB HGZ KS -- 1.08 15 10.36 10.32 1.52
1 122 EURB HHZ KS -- 1.08 15 10.36 10.32 1.52
1 123 EUS HGZ KS -- 1.08 15 10.36 10.32 1.52
1 124 EUSB HGZ KS -- 1.08 15 10.36 10.32 1.52
1 125 EUSB HHZ KS -- 1.08 15 10.36 10.32 1.52
1 126 GAHB HGZ KS -- 1.08 15 10.36 10.32 1.52
1 127 GAHB HHZ KS -- 1.08 15 10.36 10.32 1.52
1 128 GAPB HGZ KS -- 1.08 15 10.36 10.32 1.52
1 129 GAPB HHZ KS -- 1.08 15 10.36 10.32 1.52
1 130 GBI HGZ KS -- 1.08 15 10.36 10.32 1.52
1 131 GGDB HGZ KS -- 1.08 15 10.36 10.32 1.52
1 132 GGDB HHZ KS -- 1.08 15 10.36 10.32 1.52
1 133 GIC HGZ KS -- 1.08 15 10.36 10.32 1.52
1 134 GMDB HGZ KS -- 1.08 15 10.36 10.32 1.52
1 135 GMDB HHZ KS -- 1.08 15 10.36 10.32 1.52
1 136 GOCB HGZ KS -- 1.08 15 10.36 10.32 1.52
1 137 GOCB HHZ KS -- 1.08 15 10.36 10.32 1.52
1 138 GOS1 HGZ KS -- 1.08 15 10.36 10.32 1.52
1 139 GOS2 HGZ KS -- 1.08 15 10.36 10.32 1.52
1 140 GOS2 HHZ KS -- 1.08 15 10.36 10.32 1.52
1 141 GSG HGZ KS -- 1.08 15 10.36 10.32 1.52
1 142 GUS HGZ KS -- 1.08 15 10.36 10.32 1.52
1 143 GUM HGZ KS -- 1.08 15 10.36 10.32 1.52
1 144 GWJ HGZ KS -- 1.08 15 10.36 10.32 1.52
1 145 GWL HGZ KS -- 1.08 15 10.36 10.32 1.52
1 146 GWYB HGZ KS -- 1.08 15 10.36 10.32 1.52
1 147 GWYB HHZ KS -- 1.08 15 10.36 10.32 1.52
1 148 HAC HGZ KS -- 1.08 15 10.36 10.32 1.52
1 149 HACA HGZ KS -- 1.08 15 10.36 10.32 1.52
1 150 HAD HGZ KS -- 1.08 15 10.36 10.32 1.52
1 151 HALB HGZ KS -- 1.08 15 10.36 10.32 1.52
1 152 HALB HHZ KS -- 1.08 15 10.36 10.32 1.52
1 153 HAMB HGZ KS -- 1.08 15 10.36 10.32 1.52
1 154 HAMB HHZ KS -- 1.08 15 10.36 10.32 1.52
1 155 HAN HGZ KS -- 1.08 15 10.36 10.32 1.52
1 156 HANB HGZ KS -- 1.08 15 10.36 10.32 1.52
1 157 HANB HHZ KS -- 1.08 15 10.36 10.32 1.52
1 158 HAWB HGZ KS -- 1.08 15 10.36 10.32 1.52
1 159 HAWB HHZ KS -- 1.08 15 10.36 10.32 1.52
1 160 HCNA HGZ KS -- 1.08 15 10.36 10.32 1.52
1 161 HES HGZ KS -- 1.08 15 10.36 10.32 1.52
1 162 HOC HGZ KS -- 1.08 15 10.36 10.32 1.52
1 163 HUK2 HGZ KS -- 1.08 15 10.36 10.32 1.52
1 164 HWCA HGZ KS -- 1.08 15 10.36 10.32 1.52
1 165 HWCB HGZ KS -- 1.08 15 10.36 10.32 1.52
1 166 HWCB HHZ KS -- 1.08 15 10.36 10.32 1.52
1 167 ICN HGZ KS -- 1.08 15 10.36 10.32 1.52
1 168 IJA HGZ KS -- 1.08 15 10.36 10.32 1.52
1 169 IJAA HGZ KS -- 1.08 15 10.36 10.32 1.52
1 170 IKSA HGZ KS -- 1.08 15 10.36 10.32 1.52
1 171 IMSA HGZ KS -- 1.08 15 10.36 10.32 1.52
1 172 IMWB HGZ KS -- 1.08 15 10.36 10.32 1.52
1 173 IMWB HHZ KS -- 1.08 15 10.36 10.32 1.52
1 174 INCA HGZ KS -- 1.08 15 10.36 10.32 1.52
1 175 IMS HGZ KS -- 1.08 15 10.36 10.32 1.52
1 176 INC HGZ KS -- 1.08 15 10.36 10.32 1.52
1 177 JAH HGZ KS -- 1.08 15 10.36 10.32 1.52
1 178 JAS HGZ KS -- 1.08 15 10.36 10.32 1.52
1 179 JDO HGZ KS -- 1.08 15 10.36 10.32 1.52
1 180 JEC HGZ KS -- 1.08 15 10.36 10.32 1.52
1 181 JECB HGZ KS -- 1.08 15 10.36 10.32 1.52
1 182 JECB HHZ KS -- 1.08 15 10.36 10.32 1.52
1 183 JEO2 HGZ KS -- 1.08 15 10.36 10.32 1.52
1 184 JEO2 HHZ KS -- 1.08 15 10.36 10.32 1.52
1 185 JES HGZ KS -- 1.08 15 10.36 10.32 1.52
1 186 JEU HGZ KS -- 1.08 15 10.36 10.32 1.52
1 187 JIN HGZ KS -- 1.08 15 10.36 10.32 1.52
1 188 JJU HGZ KS -- 1.08 15 10.36 10.32 1.52
1 189 JJU HHZ KS -- 1.08 15 10.36 10.32 1.52
1 190 JINA HGZ KS -- 1.08 15 10.36 10.32 1.52
1 191 JMJ HGZ KS -- 1.08 15 10.36 10.32 1.52
1 192 JNPA HGZ KS -- 1.08 15 10.36 10.32 1.52
1 193 JUR HGZ KS -- 1.08 15 10.36 10.32 1.52
1 194 KAW HGZ KS -- 1.08 15 10.36 10.32 1.52
1 195 KCH HGZ KS -- 1.08 15 10.36 10.32 1.52
1 196 KCH2 HGZ KS -- 1.08 15 10.36 10.32 1.52
1 197 KMSA HGZ KS -- 1.08 15 10.36 10.32 1.52
1 198 KOHB HGZ KS -- 1.08 15 10.36 10.32 1.52
1 199 KOHB HHZ KS -- 1.08 15 10.36 10.32 1.52
1 200 KOJ2 HGZ KS -- 1.08 15 10.36 10.32 1.52
1 201 KUJA HGZ KS -- 1.08 15 10.36 10.32 1.52
1 202 KWJ HGZ KS -- 1.08 15 10.36 10.32 1.52
1 203 KWJ HHZ KS -- 1.08 15 10.36 10.32 1.52
1 204 KWJU HGZ KS -- 1.08 15 10.36 10.32 1.52
1 205 KWJU HHZ KS -- 1.08 15 10.36 10.32 1.52
1 206 KWJ2 HGZ KS -- 1.08 15 10.36 10.32 1.52
1 207 KWJ2 HHZ KS -- 1.08 15 10.36 10.32 1.52
1 208 MAN HGZ KS -- 1.08 15 10.36 10.32 1.52
1 209 MAS HGZ KS -- 1.08 15 10.36 10.32 1.52
1 210 MGY HGZ KS -- 1.08 15 10.36 10.32 1.52
1 211 MAS2 HGZ KS -- 1.08 15 10.36 10.32 1.52
1 212 MIYA HGZ KS -- 1.08 15 10.36 10.32 1.52
0 213 MND HGZ KS -- 1.08 15 10.36 10.32 1.52
0 214 MND HHZ KS -- 1.08 15 10.36 10.32 1.52
1 215 MOK HGZ KS -- 1.08 15 10.36 10.32 1.52
1 216 MOP HGZ KS -- 1.08 15 10.36 10.32 1.52
1 217 MUS HGZ KS -- 1.08 15 10.36 10.32 1.52
1 218 NAH HGZ KS -- 1.08 15 10.36 10.32 1.52
1 219 NAJ HGZ KS -- 1.08 15 10.36 10.32 1.52
1 220 NAWB HGZ KS -- 1.08 15 10.36 10.32 1.52
1 221 NAWB HHZ KS -- 1.08 15 10.36 10.32 1.52
1 222 NOW HGZ KS -- 1.08 15 10.36 10.32 1.52
1 223 OKCB HGZ KS -- 1.08 15 10.36 10.32 1.52
1 224 OKCB HHZ KS -- 1.08 15 10.36 10.32 1.52
1 225 OKEB HGZ KS -- 1.08 15 10.36 10.32 1.52
1 226 OKEB HHZ KS -- 1.08 15 10.36 10.32 1.52
1 227 OYDB HGZ KS -- 1.08 15 10.36 10.32 1.52
1 228 OYDB HHZ KS -- 1.08 15 10.36 10.32 1.52
1 229 PHA2 HGZ KS -- 1.08 15 10.36 10.32 1.52
1 230 PORA HGZ KS -- 1.08 15 10.36 10.32 1.52
1 231 PTK HGZ KS -- 1.08 15 10.36 10.32 1.52
0 232 PUA HGZ KS -- 1.08 15 10.36 10.32 1.52
1 233 PUAA HGZ KS -- 1.08 15 10.36 10.32 1.52
1 234 PYC HGZ KS -- 1.08 15 10.36 10.32 1.52
1 235 PYCA HGZ KS -- 1.08 15 10.36 10.32 1.52
1 236 SAC HGZ KS -- 1.08 15 10.36 10.32 1.52
1 237 SAJ HGZ KS -- 1.08 15 10.36 10.32 1.52
1 238 SCH HGZ KS -- 1.08 15 10.36 10.32 1.52
1 239 SCHA HGZ KS -- 1.08 15 10.36 10.32 1.52
1 240 SEHB HGZ KS -- 1.08 15 10.36 10.32 1.52
1 241 SEHB HHZ KS -- 1.08 15 10.36 10.32 1.52
1 242 SEO HGZ KS -- 1.08 15 10.36 10.32 1.52
1 243 SEO HHZ KS -- 1.08 15 10.36 10.32 1.52
1 244 SEO2 HGZ KS -- 1.08 15 10.36 10.32 1.52
1 245 SEO2 HHZ KS -- 1.08 15 10.36 10.32 1.52
1 246 SES2 HGZ KS -- 1.08 15 10.36 10.32 1.52
1 247 SES2 HHZ KS -- 1.08 15 10.36 10.32 1.52
1 248 SGP HGZ KS -- 1.08 15 10.36 10.32 1.52
1 249 SHHB HGZ KS -- 1.08 15 10.36 10.32 1.52
1 250 SHHB HHZ KS -- 1.08 15 10.36 10.32 1.52
1 251 SKC HGZ KS -- 1.08 15 10.36 10.32 1.52
1 252 SKC2 HGZ KS -- 1.08 15 10.36 10.32 1.52
1 253 SMKB HGZ KS -- 1.08 15 10.36 10.32 1.52
1 254 SMKB HHZ KS -- 1.08 15 10.36 10.32 1.52
1 255 SOD HGZ KS -- 1.08 15 10.36 10.32 1.52
1 256 SSP HGZ KS -- 1.08 15 10.36 10.32 1.52
1 257 SUCA HGZ KS -- 1.08 15 10.36 10.32 1.52
1 258 SWO HGZ KS -- 1.08 15 10.36 10.32 1.52
1 259 TBA HGZ KS -- 1.08 15 10.36 10.32 1.52
1 260 TEJ HGZ KS -- 1.08 15 10.36 10.32 1.52
1 261 TOH HGZ KS -- 1.08 15 10.36 10.32 1.52
1 262 TOHA HGZ KS -- 1.08 15 10.36 10.32 1.52
1 263 TOY HGZ KS -- 1.08 15 10.36 10.32 1.52
1 264 UJN HGZ KS -- 1.08 15 10.36 10.32 1.52
1 265 ULDB HGZ KS -- 1.08 15 10.36 10.32 1.52
1 266 ULDB HHZ KS -- 1.08 15 10.36 10.32 1.52
1 267 ULJ2 HGZ KS -- 1.08 15 10.36 10.32 1.52
1 268 ULJ2 HHZ KS -- 1.08 15 10.36 10.32 1.52
1 269 ULLB HGZ KS -- 1.08 15 10.36 10.32 1.52
1 270 ULLB HHZ KS -- 1.08 15 10.36 10.32 1.52
1 271 USN HGZ KS -- 1.08 15 10.36 10.32 1.52
1 272 USN2 HGZ KS -- 1.08 15 10.36 10.32 1.52
1 273 WAN HGZ KS -- 1.08 15 10.36 10.32 1.52
1 274 WAN2 HGZ KS -- 1.08 15 10.36 10.32 1.52
1 275 WAN2 HHZ KS -- 1.08 15 10.36 10.32 1.52
1 276 WJU2 HGZ KS -- 1.08 15 10.36 10.32 1.52
1 277 YAPA HGZ KS -- 1.08 15 10.36 10.32 1.52
1 278 YAY HGZ KS -- 1.08 15 10.36 10.32 1.52
1 279 YAYA HGZ KS -- 1.08 15 10.36 10.32 1.52
1 280 YCH HGZ KS -- 1.08 15 10.36 10.32 1.52
1 281 YEG HGZ KS -- 1.08 15 10.36 10.32 1.52
1 282 YES HGZ KS -- 1.08 15 10.36 10.32 1.52
1 283 YESA HGZ KS -- 1.08 15 10.36 10.32 1.52
1 284 YEYB HGZ KS -- 1.08 15 10.36 10.32 1.52
1 285 YEYB HHZ KS -- 1.08 15 10.36 10.32 1.52
1 286 YJD HGZ KS -- 1.08 15 10.36 10.32 1.52
1 287 YKDB HGZ KS -- 1.08 15 10.36 10.32 1.52
1 288 YKDB HHZ KS -- 1.08 15 10.36 10.32 1.52
1 289 YNCB HGZ KS -- 1.08 15 10.36 10.32 1.52
1 290 YNCB HHZ KS -- 1.08 15 10.36 10.32 1.52
1 291 YNDB HGZ KS -- 1.08 15 10.36 10.32 1.52
1 292 YNDB HHZ KS -- 1.08 15 10.36 10.32 1.52
1 293 YOA HGZ KS -- 1.08 15 10.36 10.32 1.52
1 294 YOC HGZ KS -- 1.08 15 10.36 10.32 1.52
1 295 YOCB HGZ KS -- 1.08 15 10.36 10.32 1.52
1 296 YOCB HHZ KS -- 1.08 15 10.36 10.32 1.52
1 297 YOD HGZ KS -- 1.08 15 10.36 10.32 1.52
1 298 YODB HGZ KS -- 1.08 15 10.36 10.32 1.52
1 299 YODB HHZ KS -- 1.08 15 10.36 10.32 1.52
1 300 YOW2 HGZ KS -- 1.08 15 10.36 10.32 1.52
1 301 YOJ HGZ KS -- 1.08 15 10.36 10.32 1.52
1 302 YOJB HGZ KS -- 1.08 15 10.36 10.32 1.52
1 303 YOJB HHZ KS -- 1.08 15 10.36 10.32 1.52
1 304 YOW HGZ KS -- 1.08 15 10.36 10.32 1.52
1 305 YSU HGZ KS -- 1.08 15 10.36 10.32 1.52
1 306 YPDB HGZ KS -- 1.08 15 10.36 10.32 1.52
1 307 YPDB HHZ KS -- 1.08 15 10.36 10.32 1.52
1 308 YSAB HGZ KS -- 1.08 15 10.36 10.32 1.52
1 309 YSAB HHZ KS -- 1.08 15 10.36 10.32 1.52
1 310 CSDB HGZ KS -- 1.08 15 10.36 10.32 1.52
1 311 CSDB HHZ KS -- 1.08 15 10.36 10.32 1.52
1 312 GDDB HGZ KS -- 1.08 15 10.36 10.32 1.52
1 313 GDDB HHZ KS -- 1.08 15 10.36 10.32 1.52
1 314 JEJB HGZ KS -- 1.08 15 10.36 10.32 1.52
1 315 JEJB HHZ KS -- 1.08 15 10.36 10.32 1.52
1 316 YINB HGZ KS -- 1.08 15 10.36 10.32 1.52
1 317 YINB HHZ KS -- 1.08 15 10.36 10.32 1.52
1 318 TANB HGZ KS -- 1.08 15 10.36 10.32 1.52
1 319 TANB HHZ KS -- 1.08 15 10.36 10.32 1.52
1 320 GUWB HGZ KS -- 1.08 15 10.36 10.32 1.52
1 321 GUWB HHZ KS -- 1.08 15 10.36 10.32 1.52
1 322 BAR HGZ KS -- 1.08 15 10.36 10.32 1.52
1 323 BAR HHZ KS -- 1.08 15 10.36 10.32 1.52
1 324 BAR2 HGZ KS -- 1.08 15 10.36 10.32 1.52
1 325 BAR2 HHZ KS -- 1.08 15 10.36 10.32 1.52
1 326 JJU2 HGZ KS -- 1.08 15 10.36 10.32 1.52
1 327 JJU2 HHZ KS -- 1.08 15 10.36 10.32 1.52
1 328 SGP2 HGZ KS -- 1.08 15 10.36 10.32 1.52
1 329 SGP2 HHZ KS -- 1.08 15 10.36 10.32 1.52
1 330 UDO HGZ KS -- 1.08 15 10.36 10.32 1.52
1 331 UDO HHZ KS -- 1.08 15 10.36 10.32 1.52
1 332 MUS2 HGZ KS -- 1.08 15 10.36 10.32 1.52
1 333 IJA2 HGZ KS -- 1.08 15 10.36 10.32 1.52
1 334 JEU2 HGZ KS -- 1.08 15 10.36 10.32 1.52
1 335 MGY2 HGZ KS -- 1.08 15 10.36 10.32 1.52
1 336 TBA2 HGZ KS -- 1.08 15 10.36 10.32 1.52
1 337 ICN2 HGZ KS -- 1.08 15 10.36 10.32 1.52
1 338 TOY2 HGZ KS -- 1.08 15 10.36 10.32 1.52
1 339 SACA HGZ KS -- 1.08 15 10.36 10.32 1.52
1 340 JAHA HGZ KS -- 1.08 15 10.36 10.32 1.52
1 341 ANMA HGZ KS -- 1.08 15 10.36 10.32 1.52
1 342 HOCA HGZ KS -- 1.08 15 10.36 10.32 1.52
1 343 KAWA HGZ KS -- 1.08 15 10.36 10.32 1.52
1 344 JASA HGZ KS -- 1.08 15 10.36 10.32 1.52
1 345 TEJ2 HGZ KS -- 1.08 15 10.36 10.32 1.52
1 346 YJD2 HGZ KS -- 1.08 15 10.36 10.32 1.52
1 347 YGS1 HHZ KS -- 1.08 15 10.36 10.32 1.52